64tass Turbo Assembler Macro V1.59.3120
64TASS comes with ABSOLUTELY NO WARRANTY; This is free software, and you
are welcome to redistribute it under certain conditions; See LICENSE!

Assembling file:   /workspace/scratch/a2344c11dad9/toolkit-beta-tests/repeated-holds/hors-render-v1-scene-ram-optimized-t1/stage/build/candidate-stream-scene/main.asm
Assembling file:   /workspace/scratch/a2344c11dad9/toolkit-beta-tests/repeated-holds/hors-render-v1-scene-ram-optimized-t1/stage/build/candidate-stream-scene/generated/hud.inc
Assembling file:   /workspace/scratch/a2344c11dad9/toolkit-beta-tests/repeated-holds/hors-render-v1-scene-ram-optimized-t1/stage/build/candidate-stream-scene/generated/cart-v10-scene-helper.inc
Assembling file:   /workspace/scratch/a2344c11dad9/toolkit-beta-tests/repeated-holds/hors-render-v1-scene-ram-optimized-t1/stage/build/candidate-stream-scene/generated/tables.inc
Output file:       /workspace/scratch/a2344c11dad9/toolkit-beta-tests/repeated-holds/hors-render-v1-scene-ram-optimized-t1/stage/build/candidate-stream-scene/runtime.prg
Data:       2767   $0801-$12cf   $0acf
Gap:        1072   $12d0-$16ff   $0430
Data:       2304   $1700-$1fff   $0900
Gap:        8320   $2000-$407f   $2080
Data:         40   $4080-$40a7   $0028
Gap:          88   $40a8-$40ff   $0058
Data:        504   $4100-$42f7   $01f8
Gap:           8   $42f8-$42ff   $0008
Data:        256   $4300-$43ff   $0100
Gap:        1024   $4400-$47ff   $0400
Data:       2048   $4800-$4fff   $0800
Gap:        3072   $5000-$5bff   $0c00
Data:        115   $5c00-$5c72   $0073
Gap:       15757   $5c73-$99ff   $3d8d
Data:        144   $9a00-$9a8f   $0090
Passes:            3
64tass Turbo Assembler Macro V1.59.3120
64TASS comes with ABSOLUTELY NO WARRANTY; This is free software, and you
are welcome to redistribute it under certain conditions; See LICENSE!

Assembling file:   /workspace/scratch/a2344c11dad9/toolkit-beta-tests/repeated-holds/hors-render-v1-scene-ram-optimized-t1/stage/c64/cart/easyflash-stream-v10-scene-boot.asm
Output file:       /workspace/scratch/a2344c11dad9/toolkit-beta-tests/repeated-holds/hors-render-v1-scene-ram-optimized-t1/stage/build/candidate-stream-scene/boot.bin
Data:       8192   $e000-$ffff   $2000
Passes:            2
Input file: /workspace/scratch/a2344c11dad9/toolkit-beta-tests/repeated-holds/hors-render-v1-scene-ram-optimized-t1/stage/build/candidate-stream-scene/candidate.bin
Output file: /workspace/scratch/a2344c11dad9/toolkit-beta-tests/repeated-holds/hors-render-v1-scene-ram-optimized-t1/artifacts/candidate.crt
Conversion from binary format to C64 EasyFlash .crt successful.
+ /workspace/scratch/a2344c11dad9/restored-tools/c64-tools/bin/cartconv -t easy -i /workspace/scratch/a2344c11dad9/toolkit-beta-tests/repeated-holds/hors-render-v1-scene-ram-optimized-t1/stage/build/candidate-stream-scene/candidate.bin -o /workspace/scratch/a2344c11dad9/toolkit-beta-tests/repeated-holds/hors-render-v1-scene-ram-optimized-t1/artifacts/candidate.crt -n AUTOTUNE REPEATED HOLDS
built /workspace/scratch/a2344c11dad9/toolkit-beta-tests/repeated-holds/hors-render-v1-scene-ram-optimized-t1/artifacts/candidate.crt
6 frames; 2093 encoded payload bytes; target 0.12s at 50 FPS
