fps locking: not set
64tass Turbo Assembler Macro V1.59.3120
64TASS comes with ABSOLUTELY NO WARRANTY; This is free software, and you
are welcome to redistribute it under certain conditions; See LICENSE!

Assembling file:   /workspace/scratch/a2344c11dad9/canonical-072-full/source/c64/cart/easyflash-demo-control-v9.asm
Output file:       /workspace/scratch/a2344c11dad9/canonical-072-full/source/build/hors-render-v2-beta1-ram-cartridge-demo/hors-render-v2-beta1-ram-control.bin
Data:        256   $0200-$02ff   $0100
Passes:            3
64tass Turbo Assembler Macro V1.59.3120
64TASS comes with ABSOLUTELY NO WARRANTY; This is free software, and you
are welcome to redistribute it under certain conditions; See LICENSE!

Assembling file:   /workspace/scratch/a2344c11dad9/canonical-072-full/source/c64/cart/easyflash-demo-boot.asm
Output file:       /workspace/scratch/a2344c11dad9/canonical-072-full/source/build/hors-render-v2-beta1-ram-cartridge-demo/hors-render-v2-beta1-ram-romh0.bin
Data:       8192   $e000-$ffff   $2000
Passes:            3
Input file: /workspace/scratch/a2344c11dad9/canonical-072-full/source/build/hors-render-v2-beta1-ram-cartridge-demo/hors-render-v2-beta1-ram.bin
Output file: /workspace/scratch/a2344c11dad9/canonical-072-full/carts/hors-render-v2-beta1-ram.crt
Conversion from binary format to C64 EasyFlash .crt successful.
fps locking: not set
preflight: cartconv = /workspace/scratch/a2344c11dad9/restored-tools/c64-tools/bin/cartconv (cartconv (VICE 3.10))
+ /workspace/scratch/a2344c11dad9/restored-tools/c64-tools/bin/64tass -b --vice-labels -l /workspace/scratch/a2344c11dad9/canonical-072-full/source/build/hors-render-v2-beta1-ram-cartridge-demo/hors-render-v2-beta1-ram-control.lbl -L /workspace/scratch/a2344c11dad9/canonical-072-full/source/build/hors-render-v2-beta1-ram-cartridge-demo/hors-render-v2-beta1-ram-control.lst -o /workspace/scratch/a2344c11dad9/canonical-072-full/source/build/hors-render-v2-beta1-ram-cartridge-demo/hors-render-v2-beta1-ram-control.bin /workspace/scratch/a2344c11dad9/canonical-072-full/source/c64/cart/easyflash-demo-control-v9.asm
+ /workspace/scratch/a2344c11dad9/restored-tools/c64-tools/bin/64tass -b --vice-labels -l /workspace/scratch/a2344c11dad9/canonical-072-full/source/build/hors-render-v2-beta1-ram-cartridge-demo/hors-render-v2-beta1-ram-boot.lbl -L /workspace/scratch/a2344c11dad9/canonical-072-full/source/build/hors-render-v2-beta1-ram-cartridge-demo/hors-render-v2-beta1-ram-boot.lst -o /workspace/scratch/a2344c11dad9/canonical-072-full/source/build/hors-render-v2-beta1-ram-cartridge-demo/hors-render-v2-beta1-ram-romh0.bin /workspace/scratch/a2344c11dad9/canonical-072-full/source/c64/cart/easyflash-demo-boot.asm
+ /workspace/scratch/a2344c11dad9/restored-tools/c64-tools/bin/cartconv -t easy -i /workspace/scratch/a2344c11dad9/canonical-072-full/source/build/hors-render-v2-beta1-ram-cartridge-demo/hors-render-v2-beta1-ram.bin -o /workspace/scratch/a2344c11dad9/canonical-072-full/carts/hors-render-v2-beta1-ram.crt -n C643D 0.7.2 ALL V9
built /workspace/scratch/a2344c11dad9/canonical-072-full/carts/hors-render-v2-beta1-ram.crt
all 12 entries: yunroll-cart-v10; 10-row scrolling menu; 601533 frame bytes
hors-render-v2-beta1-ram TORUS pixels verified
hors-render-v2-beta1-ram TORUS DENSE pixels verified
hors-render-v2-beta1-ram CUBE pixels verified
hors-render-v2-beta1-ram SPHERE pixels verified
hors-render-v2-beta1-ram HORSE HEAD pixels verified
hors-render-v2-beta1-ram SUNFLOWER TORUS pixels verified
hors-render-v2-beta1-ram SUNFLOWER COLOR pixels verified
hors-render-v2-beta1-ram SPACE HORSE SPIN pixels verified
hors-render-v2-beta1-ram SPACE HORSE CRAWL pixels verified
hors-render-v2-beta1-ram FALLING CUBES pixels verified
hors-render-v2-beta1-ram HORSE HEAD HIFI pixels verified
hors-render-v2-beta1-ram SUNFLOWER TORUS HIFI pixels verified
hors-render-v2-beta1-ram COMPLETE
