fps locking: not set
64tass Turbo Assembler Macro V1.59.3120
64TASS comes with ABSOLUTELY NO WARRANTY; This is free software, and you
are welcome to redistribute it under certain conditions; See LICENSE!

Assembling file:   /workspace/scratch/a2344c11dad9/canonical-072-full/source/c64/cart/easyflash-demo-control-v9.asm
Output file:       /workspace/scratch/a2344c11dad9/canonical-072-full/source/build/yunroll-cart-v10-cartridge-demo/yunroll-cart-v10-control.bin
Data:        256   $0200-$02ff   $0100
Passes:            3
64tass Turbo Assembler Macro V1.59.3120
64TASS comes with ABSOLUTELY NO WARRANTY; This is free software, and you
are welcome to redistribute it under certain conditions; See LICENSE!

Assembling file:   /workspace/scratch/a2344c11dad9/canonical-072-full/source/c64/cart/easyflash-demo-boot.asm
Output file:       /workspace/scratch/a2344c11dad9/canonical-072-full/source/build/yunroll-cart-v10-cartridge-demo/yunroll-cart-v10-romh0.bin
Data:       8192   $e000-$ffff   $2000
Passes:            3
Input file: /workspace/scratch/a2344c11dad9/canonical-072-full/source/build/yunroll-cart-v10-cartridge-demo/yunroll-cart-v10.bin
Output file: /workspace/scratch/a2344c11dad9/canonical-072-full/carts/yunroll-cart-v10.crt
Conversion from binary format to C64 EasyFlash .crt successful.
fps locking: not set
preflight: cartconv = /workspace/scratch/a2344c11dad9/restored-tools/c64-tools/bin/cartconv (cartconv (VICE 3.10))
+ /workspace/scratch/a2344c11dad9/restored-tools/c64-tools/bin/64tass -b --vice-labels -l /workspace/scratch/a2344c11dad9/canonical-072-full/source/build/yunroll-cart-v10-cartridge-demo/yunroll-cart-v10-control.lbl -L /workspace/scratch/a2344c11dad9/canonical-072-full/source/build/yunroll-cart-v10-cartridge-demo/yunroll-cart-v10-control.lst -o /workspace/scratch/a2344c11dad9/canonical-072-full/source/build/yunroll-cart-v10-cartridge-demo/yunroll-cart-v10-control.bin /workspace/scratch/a2344c11dad9/canonical-072-full/source/c64/cart/easyflash-demo-control-v9.asm
+ /workspace/scratch/a2344c11dad9/restored-tools/c64-tools/bin/64tass -b --vice-labels -l /workspace/scratch/a2344c11dad9/canonical-072-full/source/build/yunroll-cart-v10-cartridge-demo/yunroll-cart-v10-boot.lbl -L /workspace/scratch/a2344c11dad9/canonical-072-full/source/build/yunroll-cart-v10-cartridge-demo/yunroll-cart-v10-boot.lst -o /workspace/scratch/a2344c11dad9/canonical-072-full/source/build/yunroll-cart-v10-cartridge-demo/yunroll-cart-v10-romh0.bin /workspace/scratch/a2344c11dad9/canonical-072-full/source/c64/cart/easyflash-demo-boot.asm
+ /workspace/scratch/a2344c11dad9/restored-tools/c64-tools/bin/cartconv -t easy -i /workspace/scratch/a2344c11dad9/canonical-072-full/source/build/yunroll-cart-v10-cartridge-demo/yunroll-cart-v10.bin -o /workspace/scratch/a2344c11dad9/canonical-072-full/carts/yunroll-cart-v10.crt -n C643D 0.7.2 ALL V9
built /workspace/scratch/a2344c11dad9/canonical-072-full/carts/yunroll-cart-v10.crt
all 12 entries: yunroll-cart-v10; 10-row scrolling menu; 601533 frame bytes
yunroll-cart-v10 TORUS pixels verified
yunroll-cart-v10 TORUS DENSE pixels verified
yunroll-cart-v10 CUBE pixels verified
yunroll-cart-v10 SPHERE pixels verified
yunroll-cart-v10 HORSE HEAD pixels verified
yunroll-cart-v10 SUNFLOWER TORUS pixels verified
yunroll-cart-v10 SUNFLOWER COLOR pixels verified
yunroll-cart-v10 SPACE HORSE SPIN pixels verified
yunroll-cart-v10 SPACE HORSE CRAWL pixels verified
yunroll-cart-v10 FALLING CUBES pixels verified
yunroll-cart-v10 HORSE HEAD HIFI pixels verified
yunroll-cart-v10 SUNFLOWER TORUS HIFI pixels verified
yunroll-cart-v10 COMPLETE
