fps locking: not set
64tass Turbo Assembler Macro V1.59.3120
64TASS comes with ABSOLUTELY NO WARRANTY; This is free software, and you
are welcome to redistribute it under certain conditions; See LICENSE!

Assembling file:   /workspace/scratch/a2344c11dad9/canonical-072-full/source/c64/cart/easyflash-demo-control-v9.asm
Output file:       /workspace/scratch/a2344c11dad9/canonical-072-full/source/build/bytechunk-cartridge-demo/bytechunk-control.bin
Data:        256   $0200-$02ff   $0100
Passes:            3
64tass Turbo Assembler Macro V1.59.3120
64TASS comes with ABSOLUTELY NO WARRANTY; This is free software, and you
are welcome to redistribute it under certain conditions; See LICENSE!

Assembling file:   /workspace/scratch/a2344c11dad9/canonical-072-full/source/c64/cart/easyflash-demo-boot.asm
Output file:       /workspace/scratch/a2344c11dad9/canonical-072-full/source/build/bytechunk-cartridge-demo/bytechunk-romh0.bin
Data:       8192   $e000-$ffff   $2000
Passes:            3
Input file: /workspace/scratch/a2344c11dad9/canonical-072-full/source/build/bytechunk-cartridge-demo/bytechunk.bin
Output file: /workspace/scratch/a2344c11dad9/canonical-072-full/carts/bytechunk.crt
Conversion from binary format to C64 EasyFlash .crt successful.
fps locking: not set
preflight: cartconv = /workspace/scratch/a2344c11dad9/restored-tools/c64-tools/bin/cartconv (cartconv (VICE 3.10))
+ /workspace/scratch/a2344c11dad9/restored-tools/c64-tools/bin/64tass -b --vice-labels -l /workspace/scratch/a2344c11dad9/canonical-072-full/source/build/bytechunk-cartridge-demo/bytechunk-control.lbl -L /workspace/scratch/a2344c11dad9/canonical-072-full/source/build/bytechunk-cartridge-demo/bytechunk-control.lst -o /workspace/scratch/a2344c11dad9/canonical-072-full/source/build/bytechunk-cartridge-demo/bytechunk-control.bin /workspace/scratch/a2344c11dad9/canonical-072-full/source/c64/cart/easyflash-demo-control-v9.asm
+ /workspace/scratch/a2344c11dad9/restored-tools/c64-tools/bin/64tass -b --vice-labels -l /workspace/scratch/a2344c11dad9/canonical-072-full/source/build/bytechunk-cartridge-demo/bytechunk-boot.lbl -L /workspace/scratch/a2344c11dad9/canonical-072-full/source/build/bytechunk-cartridge-demo/bytechunk-boot.lst -o /workspace/scratch/a2344c11dad9/canonical-072-full/source/build/bytechunk-cartridge-demo/bytechunk-romh0.bin /workspace/scratch/a2344c11dad9/canonical-072-full/source/c64/cart/easyflash-demo-boot.asm
+ /workspace/scratch/a2344c11dad9/restored-tools/c64-tools/bin/cartconv -t easy -i /workspace/scratch/a2344c11dad9/canonical-072-full/source/build/bytechunk-cartridge-demo/bytechunk.bin -o /workspace/scratch/a2344c11dad9/canonical-072-full/carts/bytechunk.crt -n C643D 0.7.2 ALL V9
built /workspace/scratch/a2344c11dad9/canonical-072-full/carts/bytechunk.crt
all 10 entries: yunroll-cart-v9; 10-row scrolling menu; 0 frame bytes
bytechunk TORUS pixels verified
bytechunk TORUS DENSE pixels verified
bytechunk CUBE pixels verified
bytechunk SPHERE pixels verified
bytechunk HORSE HEAD pixels verified
bytechunk SUNFLOWER TORUS pixels verified
bytechunk SUNFLOWER COLOR pixels verified
bytechunk SPACE HORSE SPIN pixels verified
bytechunk SPACE HORSE CRAWL pixels verified
bytechunk FALLING CUBES pixels verified
bytechunk COMPLETE
