fps locking: not set
menu:yunroll:fps PASS
menu:yunroll-cart:fps PASS
menu:step:fps PASS
menu:bytechunk:fps PASS
menu:yunroll-cart-v5:fps PASS
menu:yunroll-cart-v4:fps PASS
menu:yunroll-cart-v2:fps PASS
menu:yunroll-cart-v3:fps PASS
menu:yunroll-cart-v7:fps PASS
menu:yunroll-cart-v6:fps PASS
menu:yunroll-cart-v9:fps PASS
menu:yunroll-cart-v8:fps PASS
menu:yunroll-cart-v10:fps PASS
menu:yunroll-cart-v7:ram PASS
menu:yunroll-cart-v8:ram PASS
menu:yunroll-cart-v9:ram PASS
menu:yunroll-cart-v10:ram PASS
menu:hors-render-v2:fps PASS
scene:4 PASS
menu:hors-render-v2:ram PASS
scene:5 PASS
scene:6 PASS
scene:8 PASS
scene:7 PASS
scene:9 PASS
scene:10 PASS
RELEASE_WORKSPACE/checks/canonical/PERFORMANCE_COMPARISON.md
